// Jest Snapshot v1, https://goo.gl/fbAQLP

exports[`should render EditExpensePage correctly 1`] = `
<div>
  <h3>
    Edit Expense
  </h3>
  <ExpenseForm
    expense={
      Object {
        "amount": 1800,
        "createdAt": 0,
        "description": "Coffee",
        "id": "1",
        "note": "Hazelnut",
      }
    }
    onSubmit={[Function]}
  />
  <button
    onClick={[Function]}
  >
    Remove
  </button>
</div>
`;
