// Jest Snapshot v1, https://goo.gl/fbAQLP

exports[`should render ExpenseList with empty message 1`] = `
<div>
  <p>
    No expenses found
  </p>
</div>
`;

exports[`should render ExpenseList with expenses 1`] = `
<div>
  <ExpenseListItem
    amount={1800}
    createdAt={0}
    description="Coffee"
    id="1"
    key="1"
    note="Hazelnut"
  />
  <ExpenseListItem
    amount={5200}
    createdAt={-345600000}
    description="Tea"
    id="2"
    key="2"
    note="Earl Grey"
  />
  <ExpenseListItem
    amount={4500}
    createdAt={259200000}
    description="Water"
    id="3"
    key="3"
    note="Mineral"
  />
</div>
`;
