// Jest Snapshot v1, https://goo.gl/fbAQLP

exports[`should render expense list item with expenses[0] data 1`] = `
<div>
  <h2>
    Expense
  </h2>
  <Link
    replace={false}
    to="/edit/1"
  >
    <h3>
      Description: 
      Coffee
    </h3>
  </Link>
  <p>
    Amount: 
    â‚¬ 18,00
  </p>
  <p>
    CreatedAt: 
    January 1st, 1970
  </p>
</div>
`;
